Archive member included to satisfy reference by file (symbol)

/home/chris/dev/bin/../lib/gcc/arm-none-eabi/7.3.1/thumb/v7e-m/libgcc.a(_arm_addsubdf3.o)
                              hpl/sercom/hpl_sercom.o (__aeabi_dsub)
/home/chris/dev/bin/../lib/gcc/arm-none-eabi/7.3.1/thumb/v7e-m/libgcc.a(_arm_muldivdf3.o)
                              hpl/sercom/hpl_sercom.o (__aeabi_dmul)
/home/chris/dev/bin/../lib/gcc/arm-none-eabi/7.3.1/thumb/v7e-m/libgcc.a(_arm_fixunsdfsi.o)
                              hpl/sercom/hpl_sercom.o (__aeabi_d2uiz)
/home/chris/dev/bin/../lib/gcc/arm-none-eabi/7.3.1/thumb/v7e-m/libgcc.a(_aeabi_ldivmod.o)
                              hpl/sercom/hpl_sercom.o (__aeabi_ldivmod)
/home/chris/dev/bin/../lib/gcc/arm-none-eabi/7.3.1/thumb/v7e-m/libgcc.a(_aeabi_uldivmod.o)
                              hpl/sercom/hpl_sercom.o (__aeabi_uldivmod)
/home/chris/dev/bin/../lib/gcc/arm-none-eabi/7.3.1/thumb/v7e-m/libgcc.a(_udivmoddi4.o)
                              /home/chris/dev/bin/../lib/gcc/arm-none-eabi/7.3.1/thumb/v7e-m/libgcc.a(_aeabi_ldivmod.o) (__udivmoddi4)
/home/chris/dev/bin/../lib/gcc/arm-none-eabi/7.3.1/thumb/v7e-m/libgcc.a(_dvmd_tls.o)
                              /home/chris/dev/bin/../lib/gcc/arm-none-eabi/7.3.1/thumb/v7e-m/libgcc.a(_aeabi_ldivmod.o) (__aeabi_ldiv0)
/home/chris/dev/bin/../lib/gcc/arm-none-eabi/7.3.1/../../../../arm-none-eabi/lib/thumb/v7e-m/libc_nano.a(lib_a-exit.o)
                              /home/chris/dev/bin/../lib/gcc/arm-none-eabi/7.3.1/../../../../arm-none-eabi/lib/thumb/v7e-m/crt0.o (exit)
/home/chris/dev/bin/../lib/gcc/arm-none-eabi/7.3.1/../../../../arm-none-eabi/lib/thumb/v7e-m/libc_nano.a(lib_a-impure.o)
                              /home/chris/dev/bin/../lib/gcc/arm-none-eabi/7.3.1/../../../../arm-none-eabi/lib/thumb/v7e-m/libc_nano.a(lib_a-exit.o) (_global_impure_ptr)
/home/chris/dev/bin/../lib/gcc/arm-none-eabi/7.3.1/../../../../arm-none-eabi/lib/thumb/v7e-m/libc_nano.a(lib_a-init.o)
                              /home/chris/dev/bin/../lib/gcc/arm-none-eabi/7.3.1/../../../../arm-none-eabi/lib/thumb/v7e-m/crt0.o (__libc_init_array)
/home/chris/dev/bin/../lib/gcc/arm-none-eabi/7.3.1/../../../../arm-none-eabi/lib/thumb/v7e-m/libc_nano.a(lib_a-memset.o)
                              /home/chris/dev/bin/../lib/gcc/arm-none-eabi/7.3.1/../../../../arm-none-eabi/lib/thumb/v7e-m/crt0.o (memset)
/home/chris/dev/bin/../lib/gcc/arm-none-eabi/7.3.1/../../../../arm-none-eabi/lib/thumb/v7e-m/libc_nano.a(lib_a-printf.o)
                              hal/utils/src/utils_syscalls.o (printf)
/home/chris/dev/bin/../lib/gcc/arm-none-eabi/7.3.1/../../../../arm-none-eabi/lib/thumb/v7e-m/libc_nano.a(lib_a-findfp.o)
                              /home/chris/dev/bin/../lib/gcc/arm-none-eabi/7.3.1/../../../../arm-none-eabi/lib/thumb/v7e-m/libc_nano.a(lib_a-printf.o) (__sinit)
/home/chris/dev/bin/../lib/gcc/arm-none-eabi/7.3.1/../../../../arm-none-eabi/lib/thumb/v7e-m/libc_nano.a(lib_a-fwalk.o)
                              /home/chris/dev/bin/../lib/gcc/arm-none-eabi/7.3.1/../../../../arm-none-eabi/lib/thumb/v7e-m/libc_nano.a(lib_a-findfp.o) (_fwalk)
/home/chris/dev/bin/../lib/gcc/arm-none-eabi/7.3.1/../../../../arm-none-eabi/lib/thumb/v7e-m/libc_nano.a(lib_a-nano-mallocr.o)
                              /home/chris/dev/bin/../lib/gcc/arm-none-eabi/7.3.1/../../../../arm-none-eabi/lib/thumb/v7e-m/libc_nano.a(lib_a-findfp.o) (_malloc_r)
/home/chris/dev/bin/../lib/gcc/arm-none-eabi/7.3.1/../../../../arm-none-eabi/lib/thumb/v7e-m/libc_nano.a(lib_a-nano-vfprintf.o)
                              /home/chris/dev/bin/../lib/gcc/arm-none-eabi/7.3.1/../../../../arm-none-eabi/lib/thumb/v7e-m/libc_nano.a(lib_a-printf.o) (_vfprintf_r)
/home/chris/dev/bin/../lib/gcc/arm-none-eabi/7.3.1/../../../../arm-none-eabi/lib/thumb/v7e-m/libc_nano.a(lib_a-nano-vfprintf_i.o)
                              /home/chris/dev/bin/../lib/gcc/arm-none-eabi/7.3.1/../../../../arm-none-eabi/lib/thumb/v7e-m/libc_nano.a(lib_a-nano-vfprintf.o) (_printf_i)
/home/chris/dev/bin/../lib/gcc/arm-none-eabi/7.3.1/../../../../arm-none-eabi/lib/thumb/v7e-m/libc_nano.a(lib_a-sbrkr.o)
                              /home/chris/dev/bin/../lib/gcc/arm-none-eabi/7.3.1/../../../../arm-none-eabi/lib/thumb/v7e-m/libc_nano.a(lib_a-nano-mallocr.o) (_sbrk_r)
/home/chris/dev/bin/../lib/gcc/arm-none-eabi/7.3.1/../../../../arm-none-eabi/lib/thumb/v7e-m/libc_nano.a(lib_a-stdio.o)
                              /home/chris/dev/bin/../lib/gcc/arm-none-eabi/7.3.1/../../../../arm-none-eabi/lib/thumb/v7e-m/libc_nano.a(lib_a-findfp.o) (__sread)
/home/chris/dev/bin/../lib/gcc/arm-none-eabi/7.3.1/../../../../arm-none-eabi/lib/thumb/v7e-m/libc_nano.a(lib_a-wbuf.o)
                              /home/chris/dev/bin/../lib/gcc/arm-none-eabi/7.3.1/../../../../arm-none-eabi/lib/thumb/v7e-m/libc_nano.a(lib_a-nano-vfprintf.o) (__swbuf_r)
[...]
Memory Configuration

Name             Origin             Length             Attributes
rom              0x0000000000004000 0x000000000007c000 xr
ram              0x0000000020000000 0x0000000000030000 xrw
bkupram          0x0000000047000000 0x0000000000002000 xrw
qspi             0x0000000004000000 0x0000000001000000 xrw
*default*        0x0000000000000000 0xffffffffffffffff

Linker script and memory map

LOAD /home/chris/dev/bin/../lib/gcc/arm-none-eabi/7.3.1/thumb/v7e-m/crti.o
LOAD /home/chris/dev/bin/../lib/gcc/arm-none-eabi/7.3.1/thumb/v7e-m/crtbegin.o
LOAD /home/chris/dev/bin/../lib/gcc/arm-none-eabi/7.3.1/../../../../arm-none-eabi/lib/thumb/v7e-m/crt0.o
LOAD hal/src/hal_io.o
LOAD hpl/core/hpl_core_m4.o
LOAD hal/utils/src/utils_syscalls.o
LOAD hal/src/hal_delay.o
LOAD hpl/oscctrl/hpl_oscctrl.o
LOAD hpl/core/hpl_init.o
LOAD hpl/gclk/hpl_gclk.o
LOAD hal/utils/src/utils_list.o
LOAD gcc/system_samd51.o
LOAD hal/utils/src/utils_assert.o
LOAD hpl/dmac/hpl_dmac.o
LOAD hpl/pm/hpl_pm.o
LOAD hal/src/hal_usart_sync.o
LOAD hpl/mclk/hpl_mclk.o
LOAD hpl/ramecc/hpl_ramecc.o
LOAD hal/src/hal_init.o
LOAD gcc/gcc/startup_samd51.o
LOAD hpl/osc32kctrl/hpl_osc32kctrl.o
LOAD examples/driver_examples.o
LOAD driver_init.o
LOAD hpl/sercom/hpl_sercom.o
LOAD hal/src/hal_gpio.o
LOAD hal/utils/src/utils_event.o
LOAD hal/src/hal_sleep.o
LOAD atmel_start.o
LOAD hal/src/hal_atomic.o
LOAD pins.o
LOAD main.o
START GROUP
LOAD /home/chris/dev/bin/../lib/gcc/arm-none-eabi/7.3.1/../../../../arm-none-eabi/lib/thumb/v7e-m/libm.a
END GROUP
START GROUP
LOAD /home/chris/dev/bin/../lib/gcc/arm-none-eabi/7.3.1/thumb/v7e-m/libgcc.a
LOAD /home/chris/dev/bin/../lib/gcc/arm-none-eabi/7.3.1/../../../../arm-none-eabi/lib/thumb/v7e-m/libc_nano.a
END GROUP
START GROUP
LOAD /home/chris/dev/bin/../lib/gcc/arm-none-eabi/7.3.1/thumb/v7e-m/libgcc.a
LOAD /home/chris/dev/bin/../lib/gcc/arm-none-eabi/7.3.1/../../../../arm-none-eabi/lib/thumb/v7e-m/libc_nano.a
END GROUP
LOAD /home/chris/dev/bin/../lib/gcc/arm-none-eabi/7.3.1/thumb/v7e-m/crtend.o
LOAD /home/chris/dev/bin/../lib/gcc/arm-none-eabi/7.3.1/thumb/v7e-m/crtn.o
                0x000000000000c000                STACK_SIZE = DEFINED (STACK_SIZE)?STACK_SIZE:DEFINED (__stack_size__)?__stack_size__:0xc000

.text           0x0000000000004000      0x8f0
                0x0000000000004000                . = ALIGN (0x4)
                0x0000000000004000                _sfixed = .
 *(.vectors .vectors.*)
 .vectors       0x0000000000004000      0x264 gcc/gcc/startup_samd51.o
                0x0000000000004000                exception_table
 *(.text .text.* .gnu.linkonce.t.*)
 .text          0x0000000000004264       0x40 /home/chris/dev/bin/../lib/gcc/arm-none-eabi/7.3.1/thumb/v7e-m/crtbegin.o
 .text.io_write
                0x00000000000042a4       0x30 hal/src/hal_io.o
                0x00000000000042a4                io_write
 .text.SystemInit
                0x00000000000042d4       0x10 gcc/system_samd51.o
                0x00000000000042d4                SystemInit
 .text.assert   0x00000000000042e4        0x6 hal/utils/src/utils_assert.o
                0x00000000000042e4                assert
 *fill*         0x00000000000042ea        0x2 
 .text.usart_sync_write
                0x00000000000042ec       0x6c hal/src/hal_usart_sync.o
 .text.usart_sync_read
                0x0000000000004358       0x58 hal/src/hal_usart_sync.o
 .text.usart_sync_init
                0x00000000000043b0       0x40 hal/src/hal_usart_sync.o
                0x00000000000043b0                usart_sync_init
 .text.usart_sync_enable
                0x00000000000043f0       0x2c hal/src/hal_usart_sync.o
                0x00000000000043f0                usart_sync_enable
 .text.usart_sync_get_io_descriptor
                0x000000000000441c       0x24 hal/src/hal_usart_sync.o
                0x000000000000441c                usart_sync_get_io_descriptor
 .text.RAMECC_Handler
                0x0000000000004440       0x38 hpl/ramecc/hpl_ramecc.o
                0x0000000000004440                RAMECC_Handler
 .text.Dummy_Handler
                0x0000000000004478        0x2 gcc/gcc/startup_samd51.o
                0x0000000000004478                EIC_5_Handler
                0x0000000000004478                SERCOM0_2_Handler
                0x0000000000004478                DebugMon_Handler
                0x0000000000004478                EIC_13_Handler
                0x0000000000004478                EVSYS_0_Handler
                0x0000000000004478                TCC1_3_Handler
                0x0000000000004478                DAC_3_Handler
                0x0000000000004478                TRNG_Handler
                0x0000000000004478                HardFault_Handler
                0x0000000000004478                TC2_Handler
                0x0000000000004478                PDEC_2_Handler
                0x0000000000004478                EIC_4_Handler
                0x0000000000004478                AC_Handler
                0x0000000000004478                SERCOM3_1_Handler
                0x0000000000004478                SysTick_Handler
                0x0000000000004478                TCC2_3_Handler
                0x0000000000004478                SERCOM3_2_Handler
                0x0000000000004478                PendSV_Handler
                0x0000000000004478                NMI_Handler
                0x0000000000004478                ADC1_1_Handler
                0x0000000000004478                EVSYS_3_Handler
                0x0000000000004478                PDEC_0_Handler
                0x0000000000004478                QSPI_Handler
                0x0000000000004478                TCC0_0_Handler
                0x0000000000004478                EIC_3_Handler
                0x0000000000004478                TAL_0_Handler
                0x0000000000004478                DAC_2_Handler
                0x0000000000004478                SERCOM0_0_Handler
                0x0000000000004478                RTC_Handler
                0x0000000000004478                UsageFault_Handler
                0x0000000000004478                SERCOM4_0_Handler
                0x0000000000004478                EIC_10_Handler
                0x0000000000004478                SERCOM0_3_Handler
                0x0000000000004478                EIC_11_Handler
                0x0000000000004478                EIC_9_Handler
                0x0000000000004478                OSC32KCTRL_Handler
                0x0000000000004478                TCC2_1_Handler
                0x0000000000004478                SUPC_1_Handler
                0x0000000000004478                TCC0_5_Handler
                0x0000000000004478                TCC0_6_Handler
                0x0000000000004478                EVSYS_1_Handler
                0x0000000000004478                TCC1_4_Handler
                0x0000000000004478                DMAC_0_Handler
                0x0000000000004478                WDT_Handler
                0x0000000000004478                EIC_8_Handler
                0x0000000000004478                EIC_15_Handler
                0x0000000000004478                SERCOM5_0_Handler
                0x0000000000004478                TC4_Handler
                0x0000000000004478                TC1_Handler
                0x0000000000004478                OSCCTRL_4_Handler
                0x0000000000004478                SERCOM4_3_Handler
                0x0000000000004478                EIC_12_Handler
                0x0000000000004478                DMAC_4_Handler
                0x0000000000004478                TCC4_2_Handler
                0x0000000000004478                PAC_Handler
                0x0000000000004478                TCC1_0_Handler
                0x0000000000004478                USB_0_Handler
                0x0000000000004478                OSCCTRL_0_Handler
                0x0000000000004478                EIC_0_Handler
                0x0000000000004478                OSCCTRL_3_Handler
                0x0000000000004478                SERCOM4_1_Handler
                0x0000000000004478                TC3_Handler
                0x0000000000004478                Dummy_Handler
                0x0000000000004478                TCC3_0_Handler
                0x0000000000004478                TCC2_2_Handler
                0x0000000000004478                SERCOM5_1_Handler
                0x0000000000004478                TCC1_1_Handler
                0x0000000000004478                DMAC_2_Handler
                0x0000000000004478                ADC0_0_Handler
                0x0000000000004478                SERCOM0_1_Handler
                0x0000000000004478                OSCCTRL_2_Handler
                0x0000000000004478                ADC1_0_Handler
                0x0000000000004478                TCC1_2_Handler
                0x0000000000004478                USB_1_Handler
                0x0000000000004478                PM_Handler
                0x0000000000004478                SERCOM2_3_Handler
                0x0000000000004478                DAC_4_Handler
                0x0000000000004478                TCC3_2_Handler
                0x0000000000004478                TCC0_2_Handler
                0x0000000000004478                DMAC_1_Handler
                0x0000000000004478                TCC4_0_Handler
                0x0000000000004478                USB_3_Handler
                0x0000000000004478                TCC2_0_Handler
                0x0000000000004478                PDEC_1_Handler
                0x0000000000004478                MemManage_Handler
                0x0000000000004478                TCC4_1_Handler
                0x0000000000004478                SERCOM5_3_Handler
                0x0000000000004478                USB_2_Handler
                0x0000000000004478                SVC_Handler
                0x0000000000004478                SDHC0_Handler
                0x0000000000004478                SERCOM1_1_Handler
                0x0000000000004478                I2S_Handler
                0x0000000000004478                EIC_2_Handler
                0x0000000000004478                PCC_Handler
                0x0000000000004478                DAC_0_Handler
                0x0000000000004478                TCC0_1_Handler
                0x0000000000004478                SERCOM1_3_Handler
                0x0000000000004478                EIC_6_Handler
                0x0000000000004478                OSCCTRL_1_Handler
                0x0000000000004478                SERCOM1_0_Handler
                0x0000000000004478                PUKCC_Handler
                0x0000000000004478                SERCOM2_1_Handler
                0x0000000000004478                SERCOM1_2_Handler
                0x0000000000004478                SERCOM3_0_Handler
                0x0000000000004478                EIC_1_Handler
                0x0000000000004478                SERCOM4_2_Handler
                0x0000000000004478                EVSYS_4_Handler
                0x0000000000004478                EIC_7_Handler
                0x0000000000004478                NVMCTRL_1_Handler
                0x0000000000004478                SERCOM5_2_Handler
                0x0000000000004478                SERCOM3_3_Handler
                0x0000000000004478                ADC0_1_Handler
                0x0000000000004478                SERCOM2_2_Handler
                0x0000000000004478                TCC3_1_Handler
                0x0000000000004478                EIC_14_Handler
                0x0000000000004478                DAC_1_Handler
                0x0000000000004478                NVMCTRL_0_Handler
                0x0000000000004478                TAL_1_Handler
                0x0000000000004478                MCLK_Handler
                0x0000000000004478                EVSYS_2_Handler
                0x0000000000004478                SUPC_0_Handler
                0x0000000000004478                BusFault_Handler
                0x0000000000004478                FREQM_Handler
                0x0000000000004478                TC0_Handler
                0x0000000000004478                TCC0_3_Handler
                0x0000000000004478                DMAC_3_Handler
                0x0000000000004478                TCC0_4_Handler
                0x0000000000004478                TC5_Handler
                0x0000000000004478                SERCOM2_0_Handler
                0x0000000000004478                AES_Handler
                0x0000000000004478                ICM_Handler
 *fill*         0x000000000000447a        0x2 
 .text.Reset_Handler
                0x000000000000447c       0x78 gcc/gcc/startup_samd51.o
                0x000000000000447c                Reset_Handler
 .text.USART_5_example
                0x00000000000044f4       0x34 examples/driver_examples.o
                0x00000000000044f4                USART_5_example
 .text.USART_5_PORT_init
                0x0000000000004528       0x48 driver_init.o
                0x0000000000004528                USART_5_PORT_init
 .text.USART_5_CLOCK_init
                0x0000000000004570       0x24 driver_init.o
                0x0000000000004570                USART_5_CLOCK_init
 .text.USART_5_init
                0x0000000000004594       0x2c driver_init.o
                0x0000000000004594                USART_5_init
 .text.system_init
                0x00000000000045c0       0x50 driver_init.o
                0x00000000000045c0                system_init
 .text.hri_sercomusart_wait_for_sync
                0x0000000000004610        0x8 hpl/sercom/hpl_sercom.o
 .text.hri_sercomusart_clear_CTRLA_ENABLE_bit
                0x0000000000004618       0x18 hpl/sercom/hpl_sercom.o
 .text._sercom_get_hardware_index
                0x0000000000004630       0x34 hpl/sercom/hpl_sercom.o
 .text._usart_init
                0x0000000000004664       0x78 hpl/sercom/hpl_sercom.o
 .text._usart_sync_init
                0x00000000000046dc       0x2c hpl/sercom/hpl_sercom.o
                0x00000000000046dc                _usart_sync_init
 .text._usart_sync_enable
                0x0000000000004708       0x1c hpl/sercom/hpl_sercom.o
                0x0000000000004708                _usart_sync_enable
 .text._usart_sync_write_byte
                0x0000000000004724        0x6 hpl/sercom/hpl_sercom.o
                0x0000000000004724                _usart_sync_write_byte
 .text._usart_sync_read_byte
                0x000000000000472a        0x8 hpl/sercom/hpl_sercom.o
                0x000000000000472a                _usart_sync_read_byte
 .text._usart_sync_is_ready_to_send
                0x0000000000004732        0xa hpl/sercom/hpl_sercom.o
                0x0000000000004732                _usart_sync_is_ready_to_send
 .text._usart_sync_is_transmit_done
                0x000000000000473c        0xa hpl/sercom/hpl_sercom.o
                0x000000000000473c                _usart_sync_is_transmit_done
 .text._usart_sync_is_byte_received
                0x0000000000004746        0xa hpl/sercom/hpl_sercom.o
                0x0000000000004746                _usart_sync_is_byte_received
 .text.atmel_start_init
                0x0000000000004750        0x8 atmel_start.o
                0x0000000000004750                atmel_start_init
 .text.pins_setup
                0x0000000000004758       0x18 pins.o
                0x0000000000004758                pins_setup
 .text.delays   0x0000000000004770       0x1c main.o
                0x0000000000004770                delays
 .text.blink_two
                0x000000000000478c       0x20 main.o
                0x000000000000478c                blink_two
 .text.blink_awhile
                0x00000000000047ac       0x14 main.o
                0x00000000000047ac                blink_awhile
 .text.startup.main
                0x00000000000047c0       0x2c main.o
                0x00000000000047c0                main
 .text.__libc_init_array
                0x00000000000047ec       0x48 /home/chris/dev/bin/../lib/gcc/arm-none-eabi/7.3.1/../../../../arm-none-eabi/lib/thumb/v7e-m/libc_nano.a(lib_a-init.o)
                0x00000000000047ec                __libc_init_array
 *(.glue_7t)
 .glue_7t       0x0000000000004834        0x0 linker stubs
 *(.glue_7)
 .glue_7        0x0000000000004834        0x0 linker stubs
 *(.rodata .rodata* .gnu.linkonce.r.*)
 .rodata.str1.1
                0x0000000000004834       0x14 hal/src/hal_io.o
 .rodata.str1.1
                0x0000000000004848       0x1c hal/src/hal_usart_sync.o
 .rodata.str1.1
                0x0000000000004864        0xd examples/driver_examples.o
 *fill*         0x0000000000004871        0x3 
 .rodata        0x0000000000004874       0x41 hpl/sercom/hpl_sercom.o
 .rodata.str1.1
                0x00000000000048b5       0x1b hpl/sercom/hpl_sercom.o
 *(.ARM.extab* .gnu.linkonce.armextab.*)
                0x00000000000048d0                . = ALIGN (0x4)
 *(.init)
 .init          0x00000000000048d0        0x4 /home/chris/dev/bin/../lib/gcc/arm-none-eabi/7.3.1/thumb/v7e-m/crti.o
                0x00000000000048d0                _init
 .init          0x00000000000048d4        0x8 /home/chris/dev/bin/../lib/gcc/arm-none-eabi/7.3.1/thumb/v7e-m/crtn.o
                0x00000000000048dc                . = ALIGN (0x4)
                0x00000000000048dc                __preinit_array_start = .
 *(.preinit_array)
                0x00000000000048dc                __preinit_array_end = .
                0x00000000000048dc                . = ALIGN (0x4)
                0x00000000000048dc                __init_array_start = .
 *(SORT_BY_NAME(.init_array.*))
 *(.init_array)
 .init_array    0x00000000000048dc        0x4 /home/chris/dev/bin/../lib/gcc/arm-none-eabi/7.3.1/thumb/v7e-m/crtbegin.o
                0x00000000000048e0                __init_array_end = .
                0x00000000000048e0                . = ALIGN (0x4)
 *crtbegin.o(.ctors)
 *(EXCLUDE_FILE(*crtend.o) .ctors)
 *(SORT_BY_NAME(.ctors.*))
 *crtend.o(.ctors)
                0x00000000000048e0                . = ALIGN (0x4)
 *(.fini)
 .fini          0x00000000000048e0        0x4 /home/chris/dev/bin/../lib/gcc/arm-none-eabi/7.3.1/thumb/v7e-m/crti.o
                0x00000000000048e0                _fini
 .fini          0x00000000000048e4        0x8 /home/chris/dev/bin/../lib/gcc/arm-none-eabi/7.3.1/thumb/v7e-m/crtn.o
                0x00000000000048ec                . = ALIGN (0x4)
                0x00000000000048ec                __fini_array_start = .
 *(.fini_array)
 .fini_array    0x00000000000048ec        0x4 /home/chris/dev/bin/../lib/gcc/arm-none-eabi/7.3.1/thumb/v7e-m/crtbegin.o
 *(SORT_BY_NAME(.fini_array.*))
                0x00000000000048f0                __fini_array_end = .
 *crtbegin.o(.dtors)
 *(EXCLUDE_FILE(*crtend.o) .dtors)
 *(SORT_BY_NAME(.dtors.*))
 *crtend.o(.dtors)
                0x00000000000048f0                . = ALIGN (0x4)
                0x00000000000048f0                _efixed = .
                [!provide]                        PROVIDE (__exidx_start = .)

.vfp11_veneer   0x00000000000048f0        0x0
 .vfp11_veneer  0x00000000000048f0        0x0 linker stubs

.v4_bx          0x00000000000048f0        0x0
 .v4_bx         0x00000000000048f0        0x0 linker stubs

.iplt           0x00000000000048f0        0x0
 .iplt          0x00000000000048f0        0x0 /home/chris/dev/bin/../lib/gcc/arm-none-eabi/7.3.1/thumb/v7e-m/crtbegin.o

.igot.plt       0x00000000000048f0        0x0
 .igot.plt      0x00000000000048f0        0x0 /home/chris/dev/bin/../lib/gcc/arm-none-eabi/7.3.1/thumb/v7e-m/crtbegin.o

.eh_frame       0x00000000000048f0        0x0
 .eh_frame      0x00000000000048f0        0x0 /home/chris/dev/bin/../lib/gcc/arm-none-eabi/7.3.1/thumb/v7e-m/crtbegin.o

.rel.dyn        0x00000000000048f0        0x0
 .rel.iplt      0x00000000000048f0        0x0 /home/chris/dev/bin/../lib/gcc/arm-none-eabi/7.3.1/thumb/v7e-m/crtbegin.o

.ARM.exidx
 *(.ARM.exidx* .gnu.linkonce.armexidx.*)
                [!provide]                        PROVIDE (__exidx_end = .)
                0x00000000000048f0                . = ALIGN (0x4)
                0x00000000000048f0                _etext = .

.relocate       0x0000000020000000        0x4 load address 0x00000000000048f0
                0x0000000020000000                . = ALIGN (0x4)
                0x0000000020000000                _srelocate = .
 *(.ramfunc .ramfunc.*)
 *(.data .data.*)
 .data          0x0000000020000000        0x4 gcc/system_samd51.o
                0x0000000020000000                SystemCoreClock
                0x0000000020000004                . = ALIGN (0x4)
                0x0000000020000004                _erelocate = .

.bkupram        0x0000000047000000        0x0
                0x0000000047000000                . = ALIGN (0x8)
                0x0000000047000000                _sbkupram = .
 *(.bkupram .bkupram.*)
                0x0000000047000000                . = ALIGN (0x8)
                0x0000000047000000                _ebkupram = .

.qspi           0x0000000004000000        0x0
                0x0000000004000000                . = ALIGN (0x8)
                0x0000000004000000                _sqspi = .
 *(.qspi .qspi.*)
                0x0000000004000000                . = ALIGN (0x8)
                0x0000000004000000                _eqspi = .

.bss            0x0000000020000004       0x38 load address 0x00000000000048f4
                0x0000000020000004                . = ALIGN (0x4)
                0x0000000020000004                _sbss = .
                0x0000000020000004                _szero = .
 *(.bss .bss.*)
 .bss           0x0000000020000004       0x1c /home/chris/dev/bin/../lib/gcc/arm-none-eabi/7.3.1/thumb/v7e-m/crtbegin.o
 *(COMMON)
 COMMON         0x0000000020000020       0x10 hpl/ramecc/hpl_ramecc.o
                0x0000000020000020                device
 COMMON         0x0000000020000030        0xc driver_init.o
                0x0000000020000030                USART_5
                0x000000002000003c                . = ALIGN (0x4)
                0x000000002000003c                _ebss = .
                0x000000002000003c                _ezero = .

.stack          0x000000002000003c     0xc004 load address 0x000000000000492c
                0x0000000020000040                . = ALIGN (0x8)
 *fill*         0x000000002000003c        0x4 
                0x0000000020000040                _sstack = .
                0x000000002000c040                . = (. + STACK_SIZE)
 *fill*         0x0000000020000040     0xc000 
                0x000000002000c040                . = ALIGN (0x8)
                0x000000002000c040                _estack = .
                0x000000002000c040                . = ALIGN (0x4)
                0x000000002000c040                _end = .
OUTPUT(AtmelStart.elf elf32-littlearm)

.ARM.attributes
                0x0000000000000000       0x2e
 .ARM.attributes
                0x0000000000000000       0x1e /home/chris/dev/bin/../lib/gcc/arm-none-eabi/7.3.1/thumb/v7e-m/crti.o
 .ARM.attributes
                0x000000000000001e       0x2e /home/chris/dev/bin/../lib/gcc/arm-none-eabi/7.3.1/thumb/v7e-m/crtbegin.o
 .ARM.attributes
                0x000000000000004c       0x37 hal/src/hal_io.o
 .ARM.attributes
                0x0000000000000083       0x37 gcc/system_samd51.o
 .ARM.attributes
                0x00000000000000ba       0x37 hal/utils/src/utils_assert.o
 .ARM.attributes
                0x00000000000000f1       0x37 hal/src/hal_usart_sync.o
 .ARM.attributes
                0x0000000000000128       0x37 hpl/ramecc/hpl_ramecc.o
 .ARM.attributes
                0x000000000000015f       0x37 gcc/gcc/startup_samd51.o
 .ARM.attributes
                0x0000000000000196       0x37 examples/driver_examples.o
 .ARM.attributes
                0x00000000000001cd       0x37 driver_init.o
 .ARM.attributes
                0x0000000000000204       0x37 hpl/sercom/hpl_sercom.o
 .ARM.attributes
                0x000000000000023b       0x37 atmel_start.o
 .ARM.attributes
                0x0000000000000272       0x37 pins.o
 .ARM.attributes
                0x00000000000002a9       0x37 main.o
 .ARM.attributes
                0x00000000000002e0       0x2e /home/chris/dev/bin/../lib/gcc/arm-none-eabi/7.3.1/../../../../arm-none-eabi/lib/thumb/v7e-m/libc_nano.a(lib_a-init.o)
 .ARM.attributes
                0x000000000000030e       0x1e /home/chris/dev/bin/../lib/gcc/arm-none-eabi/7.3.1/thumb/v7e-m/crtn.o

.comment        0x0000000000000000       0x7f
 .comment       0x0000000000000000       0x7f hal/src/hal_io.o
                                         0x80 (size before relaxing)
 .comment       0x000000000000007f       0x80 gcc/system_samd51.o
 .comment       0x000000000000007f       0x80 hal/utils/src/utils_assert.o
 .comment       0x000000000000007f       0x80 hal/src/hal_usart_sync.o
 .comment       0x000000000000007f       0x80 hpl/ramecc/hpl_ramecc.o
 .comment       0x000000000000007f       0x80 gcc/gcc/startup_samd51.o
 .comment       0x000000000000007f       0x80 examples/driver_examples.o
 .comment       0x000000000000007f       0x80 driver_init.o
 .comment       0x000000000000007f       0x80 hpl/sercom/hpl_sercom.o
 .comment       0x000000000000007f       0x80 atmel_start.o
 .comment       0x000000000000007f       0x80 pins.o
 .comment       0x000000000000007f       0x80 main.o

.debug_info     0x0000000000000000    0x119e3
 .debug_info    0x0000000000000000      0x298 hal/src/hal_io.o
 .debug_info    0x0000000000000298       0xe3 gcc/system_samd51.o
 .debug_info    0x000000000000037b      0x11d hal/utils/src/utils_assert.o
 .debug_info    0x0000000000000498      0xc2e hal/src/hal_usart_sync.o
 .debug_info    0x00000000000010c6      0xb3f hpl/ramecc/hpl_ramecc.o
 .debug_info    0x0000000000001c05      0xbc2 gcc/gcc/startup_samd51.o
 .debug_info    0x00000000000027c7      0x25b examples/driver_examples.o
 .debug_info    0x0000000000002a22     0x3d9b driver_init.o
 .debug_info    0x00000000000067bd     0x9de7 hpl/sercom/hpl_sercom.o
 .debug_info    0x00000000000105a4      0x1fb atmel_start.o
 .debug_info    0x000000000001079f      0x8a2 pins.o
 .debug_info    0x0000000000011041      0x9a2 main.o

.debug_abbrev   0x0000000000000000     0x1895
 .debug_abbrev  0x0000000000000000      0x12d hal/src/hal_io.o
 .debug_abbrev  0x000000000000012d       0xa0 gcc/system_samd51.o
 .debug_abbrev  0x00000000000001cd       0x9c hal/utils/src/utils_assert.o
 .debug_abbrev  0x0000000000000269      0x23d hal/src/hal_usart_sync.o
 .debug_abbrev  0x00000000000004a6      0x303 hpl/ramecc/hpl_ramecc.o
 .debug_abbrev  0x00000000000007a9      0x18a gcc/gcc/startup_samd51.o
 .debug_abbrev  0x0000000000000933      0x117 examples/driver_examples.o
 .debug_abbrev  0x0000000000000a4a      0x339 driver_init.o
 .debug_abbrev  0x0000000000000d83      0x663 hpl/sercom/hpl_sercom.o
 .debug_abbrev  0x00000000000013e6       0xf2 atmel_start.o
 .debug_abbrev  0x00000000000014d8      0x1a8 pins.o
 .debug_abbrev  0x0000000000001680      0x215 main.o

.debug_loc      0x0000000000000000     0x57f9
 .debug_loc     0x0000000000000000      0x11e hal/src/hal_io.o
 .debug_loc     0x000000000000011e      0x5b7 hal/src/hal_usart_sync.o
 .debug_loc     0x00000000000006d5       0xf3 hpl/ramecc/hpl_ramecc.o
 .debug_loc     0x00000000000007c8       0x43 gcc/gcc/startup_samd51.o
 .debug_loc     0x000000000000080b      0x489 driver_init.o
 .debug_loc     0x0000000000000c94     0x4b0e hpl/sercom/hpl_sercom.o
 .debug_loc     0x00000000000057a2       0x57 main.o

.debug_aranges  0x0000000000000000      0x748
 .debug_aranges
                0x0000000000000000       0x30 hal/src/hal_io.o
 .debug_aranges
                0x0000000000000030       0x20 gcc/system_samd51.o
 .debug_aranges
                0x0000000000000050       0x20 hal/utils/src/utils_assert.o
 .debug_aranges
                0x0000000000000070       0xa8 hal/src/hal_usart_sync.o
 .debug_aranges
                0x0000000000000118       0x30 hpl/ramecc/hpl_ramecc.o
 .debug_aranges
                0x0000000000000148       0x28 gcc/gcc/startup_samd51.o
 .debug_aranges
                0x0000000000000170       0x20 examples/driver_examples.o
 .debug_aranges
                0x0000000000000190       0x38 driver_init.o
 .debug_aranges
                0x00000000000001c8      0x508 hpl/sercom/hpl_sercom.o
 .debug_aranges
                0x00000000000006d0       0x20 atmel_start.o
 .debug_aranges
                0x00000000000006f0       0x20 pins.o
 .debug_aranges
                0x0000000000000710       0x38 main.o

.debug_ranges   0x0000000000000000      0xd80
 .debug_ranges  0x0000000000000000       0x20 hal/src/hal_io.o
 .debug_ranges  0x0000000000000020       0x10 gcc/system_samd51.o
 .debug_ranges  0x0000000000000030       0x10 hal/utils/src/utils_assert.o
 .debug_ranges  0x0000000000000040       0x98 hal/src/hal_usart_sync.o
 .debug_ranges  0x00000000000000d8       0x50 hpl/ramecc/hpl_ramecc.o
 .debug_ranges  0x0000000000000128       0x18 gcc/gcc/startup_samd51.o
 .debug_ranges  0x0000000000000140       0x10 examples/driver_examples.o
 .debug_ranges  0x0000000000000150       0x78 driver_init.o
 .debug_ranges  0x00000000000001c8      0xb18 hpl/sercom/hpl_sercom.o
 .debug_ranges  0x0000000000000ce0       0x10 atmel_start.o
 .debug_ranges  0x0000000000000cf0       0x10 pins.o
 .debug_ranges  0x0000000000000d00       0x80 main.o

.debug_macro    0x0000000000000000    0x25f49
 .debug_macro   0x0000000000000000      0x602 hal/src/hal_io.o
 .debug_macro   0x0000000000000602      0xa5a hal/src/hal_io.o
 .debug_macro   0x000000000000105c      0x16d hal/src/hal_io.o
 .debug_macro   0x00000000000011c9       0x22 hal/src/hal_io.o
 .debug_macro   0x00000000000011eb       0x8e hal/src/hal_io.o
 .debug_macro   0x0000000000001279       0x51 hal/src/hal_io.o
 .debug_macro   0x00000000000012ca       0xef hal/src/hal_io.o
 .debug_macro   0x00000000000013b9       0x6a hal/src/hal_io.o
 .debug_macro   0x0000000000001423      0x1df hal/src/hal_io.o
 .debug_macro   0x0000000000001602       0x22 hal/src/hal_io.o
 .debug_macro   0x0000000000001624       0x5b hal/src/hal_io.o
 .debug_macro   0x000000000000167f       0x28 hal/src/hal_io.o
 .debug_macro   0x00000000000016a7       0xaf hal/src/hal_io.o
 .debug_macro   0x0000000000001756      0xfe7 hal/src/hal_io.o
 .debug_macro   0x000000000000273d      0x706 hal/src/hal_io.o
 .debug_macro   0x0000000000002e43      0xb5b hal/src/hal_io.o
 .debug_macro   0x000000000000399e      0x3c0 hal/src/hal_io.o
 .debug_macro   0x0000000000003d5e      0x336 hal/src/hal_io.o
 .debug_macro   0x0000000000004094      0x3b7 hal/src/hal_io.o
 .debug_macro   0x000000000000444b      0x668 hal/src/hal_io.o
 .debug_macro   0x0000000000004ab3     0x143f hal/src/hal_io.o
 .debug_macro   0x0000000000005ef2      0xf20 hal/src/hal_io.o
 .debug_macro   0x0000000000006e12      0x67b hal/src/hal_io.o
 .debug_macro   0x000000000000748d      0x6d7 hal/src/hal_io.o
 .debug_macro   0x0000000000007b64      0x172 hal/src/hal_io.o
 .debug_macro   0x0000000000007cd6      0x395 hal/src/hal_io.o
 .debug_macro   0x000000000000806b       0x3a hal/src/hal_io.o
 .debug_macro   0x00000000000080a5      0x72a hal/src/hal_io.o
 .debug_macro   0x00000000000087cf      0xb12 hal/src/hal_io.o
 .debug_macro   0x00000000000092e1      0x5ad hal/src/hal_io.o
 .debug_macro   0x000000000000988e      0xcdf hal/src/hal_io.o
 .debug_macro   0x000000000000a56d      0x9b9 hal/src/hal_io.o
 .debug_macro   0x000000000000af26      0x2a3 hal/src/hal_io.o
 .debug_macro   0x000000000000b1c9      0x893 hal/src/hal_io.o
 .debug_macro   0x000000000000ba5c      0x1ea hal/src/hal_io.o
 .debug_macro   0x000000000000bc46      0x8f4 hal/src/hal_io.o
 .debug_macro   0x000000000000c53a      0x216 hal/src/hal_io.o
 .debug_macro   0x000000000000c750      0x3f9 hal/src/hal_io.o
 .debug_macro   0x000000000000cb49      0x620 hal/src/hal_io.o
 .debug_macro   0x000000000000d169      0x10d hal/src/hal_io.o
 .debug_macro   0x000000000000d276       0xb8 hal/src/hal_io.o
 .debug_macro   0x000000000000d32e     0x1df7 hal/src/hal_io.o
 .debug_macro   0x000000000000f125     0x2e69 hal/src/hal_io.o
 .debug_macro   0x0000000000011f8e     0x11ed hal/src/hal_io.o
 .debug_macro   0x000000000001317b      0x752 hal/src/hal_io.o
 .debug_macro   0x00000000000138cd     0x180c hal/src/hal_io.o
 .debug_macro   0x00000000000150d9      0x930 hal/src/hal_io.o
 .debug_macro   0x0000000000015a09     0x1ad8 hal/src/hal_io.o
 .debug_macro   0x00000000000174e1       0xe7 hal/src/hal_io.o
 .debug_macro   0x00000000000175c8     0x13e6 hal/src/hal_io.o
 .debug_macro   0x00000000000189ae      0x36a hal/src/hal_io.o
 .debug_macro   0x0000000000018d18       0x94 hal/src/hal_io.o
 .debug_macro   0x0000000000018dac       0xdc hal/src/hal_io.o
 .debug_macro   0x0000000000018e88       0xe2 hal/src/hal_io.o
 .debug_macro   0x0000000000018f6a       0xdc hal/src/hal_io.o
 .debug_macro   0x0000000000019046       0x46 hal/src/hal_io.o
 .debug_macro   0x000000000001908c       0x4c hal/src/hal_io.o
 .debug_macro   0x00000000000190d8       0xc4 hal/src/hal_io.o
 .debug_macro   0x000000000001919c      0x7d5 hal/src/hal_io.o
 .debug_macro   0x0000000000019971      0x106 hal/src/hal_io.o
 .debug_macro   0x0000000000019a77       0x7c hal/src/hal_io.o
 .debug_macro   0x0000000000019af3      0xc2e hal/src/hal_io.o
 .debug_macro   0x000000000001a721       0x46 hal/src/hal_io.o
 .debug_macro   0x000000000001a767      0x25b hal/src/hal_io.o
 .debug_macro   0x000000000001a9c2      0x170 hal/src/hal_io.o
 .debug_macro   0x000000000001ab32       0x7c hal/src/hal_io.o
 .debug_macro   0x000000000001abae       0xbe hal/src/hal_io.o
 .debug_macro   0x000000000001ac6c       0x4c hal/src/hal_io.o
 .debug_macro   0x000000000001acb8       0x82 hal/src/hal_io.o
 .debug_macro   0x000000000001ad3a      0x1a3 hal/src/hal_io.o
 .debug_macro   0x000000000001aedd       0x46 hal/src/hal_io.o
 .debug_macro   0x000000000001af23       0x6a hal/src/hal_io.o
 .debug_macro   0x000000000001af8d       0x46 hal/src/hal_io.o
 .debug_macro   0x000000000001afd3       0x88 hal/src/hal_io.o
 .debug_macro   0x000000000001b05b       0x46 hal/src/hal_io.o
 .debug_macro   0x000000000001b0a1      0x24e hal/src/hal_io.o
 .debug_macro   0x000000000001b2ef       0x76 hal/src/hal_io.o
 .debug_macro   0x000000000001b365       0x3a hal/src/hal_io.o
 .debug_macro   0x000000000001b39f       0x2e hal/src/hal_io.o
 .debug_macro   0x000000000001b3cd      0x196 hal/src/hal_io.o
 .debug_macro   0x000000000001b563      0x16f hal/src/hal_io.o
 .debug_macro   0x000000000001b6d2      0x25d hal/src/hal_io.o
 .debug_macro   0x000000000001b92f      0x25d hal/src/hal_io.o
 .debug_macro   0x000000000001bb8c      0x25d hal/src/hal_io.o
 .debug_macro   0x000000000001bde9      0x25d hal/src/hal_io.o
 .debug_macro   0x000000000001c046      0x25d hal/src/hal_io.o
 .debug_macro   0x000000000001c2a3      0x25d hal/src/hal_io.o
 .debug_macro   0x000000000001c500       0x58 hal/src/hal_io.o
 .debug_macro   0x000000000001c558      0x711 hal/src/hal_io.o
 .debug_macro   0x000000000001cc69       0xfa hal/src/hal_io.o
 .debug_macro   0x000000000001cd63       0xfa hal/src/hal_io.o
 .debug_macro   0x000000000001ce5d       0xfa hal/src/hal_io.o
 .debug_macro   0x000000000001cf57       0xfa hal/src/hal_io.o
 .debug_macro   0x000000000001d051       0xfa hal/src/hal_io.o
 .debug_macro   0x000000000001d14b       0xfa hal/src/hal_io.o
 .debug_macro   0x000000000001d245      0x148 hal/src/hal_io.o
 .debug_macro   0x000000000001d38d      0x124 hal/src/hal_io.o
 .debug_macro   0x000000000001d4b1      0x106 hal/src/hal_io.o
 .debug_macro   0x000000000001d5b7       0xee hal/src/hal_io.o
 .debug_macro   0x000000000001d6a5       0xee hal/src/hal_io.o
 .debug_macro   0x000000000001d793       0x2e hal/src/hal_io.o
 .debug_macro   0x000000000001d7c1      0x46a hal/src/hal_io.o
 .debug_macro   0x000000000001dc2b       0x3a hal/src/hal_io.o
 .debug_macro   0x000000000001dc65      0x5e5 hal/src/hal_io.o
 .debug_macro   0x000000000001e24a     0x30c7 hal/src/hal_io.o
 .debug_macro   0x0000000000021311       0xcf hal/src/hal_io.o
 .debug_macro   0x00000000000213e0       0x10 hal/src/hal_io.o
 .debug_macro   0x00000000000213f0       0x10 hal/src/hal_io.o
 .debug_macro   0x0000000000021400       0x16 hal/src/hal_io.o
 .debug_macro   0x0000000000021416       0x16 hal/src/hal_io.o
 .debug_macro   0x000000000002142c       0x16 hal/src/hal_io.o
 .debug_macro   0x0000000000021442       0x16 hal/src/hal_io.o
 .debug_macro   0x0000000000021458       0x16 hal/src/hal_io.o
 .debug_macro   0x000000000002146e       0x16 hal/src/hal_io.o
 .debug_macro   0x0000000000021484       0x16 hal/src/hal_io.o
 .debug_macro   0x000000000002149a       0x16 hal/src/hal_io.o
 .debug_macro   0x00000000000214b0       0x16 hal/src/hal_io.o
 .debug_macro   0x00000000000214c6       0x16 hal/src/hal_io.o
 .debug_macro   0x00000000000214dc       0x16 hal/src/hal_io.o
 .debug_macro   0x00000000000214f2       0x16 hal/src/hal_io.o
 .debug_macro   0x0000000000021508       0x16 hal/src/hal_io.o
 .debug_macro   0x000000000002151e       0x16 hal/src/hal_io.o
 .debug_macro   0x0000000000021534       0x16 hal/src/hal_io.o
 .debug_macro   0x000000000002154a       0x16 hal/src/hal_io.o
 .debug_macro   0x0000000000021560       0x16 hal/src/hal_io.o
 .debug_macro   0x0000000000021576       0x16 hal/src/hal_io.o
 .debug_macro   0x000000000002158c       0x16 hal/src/hal_io.o
 .debug_macro   0x00000000000215a2       0x16 hal/src/hal_io.o
 .debug_macro   0x00000000000215b8       0x16 hal/src/hal_io.o
 .debug_macro   0x00000000000215ce       0x16 hal/src/hal_io.o
 .debug_macro   0x00000000000215e4       0x16 hal/src/hal_io.o
 .debug_macro   0x00000000000215fa       0x16 hal/src/hal_io.o
 .debug_macro   0x0000000000021610       0x16 hal/src/hal_io.o
 .debug_macro   0x0000000000021626       0x16 hal/src/hal_io.o
 .debug_macro   0x000000000002163c       0x16 hal/src/hal_io.o
 .debug_macro   0x0000000000021652       0x16 hal/src/hal_io.o
 .debug_macro   0x0000000000021668       0x16 hal/src/hal_io.o
 .debug_macro   0x000000000002167e       0x16 hal/src/hal_io.o
 .debug_macro   0x0000000000021694       0x16 hal/src/hal_io.o
 .debug_macro   0x00000000000216aa       0x16 hal/src/hal_io.o
 .debug_macro   0x00000000000216c0       0x16 hal/src/hal_io.o
 .debug_macro   0x00000000000216d6       0x16 hal/src/hal_io.o
 .debug_macro   0x00000000000216ec       0x16 hal/src/hal_io.o
 .debug_macro   0x0000000000021702       0xca hal/src/hal_io.o
 .debug_macro   0x00000000000217cc       0x16 hal/src/hal_io.o
 .debug_macro   0x00000000000217e2      0x43e gcc/system_samd51.o
 .debug_macro   0x0000000000021c20       0x55 gcc/system_samd51.o
 .debug_macro   0x0000000000021c75      0x5f7 hal/utils/src/utils_assert.o
 .debug_macro   0x000000000002226c       0x10 hal/utils/src/utils_assert.o
 .debug_macro   0x000000000002227c      0x62d hal/src/hal_usart_sync.o
 .debug_macro   0x00000000000228a9      0x617 hpl/ramecc/hpl_ramecc.o
 .debug_macro   0x0000000000022ec0      0x438 gcc/gcc/startup_samd51.o
 .debug_macro   0x00000000000232f8      0x6c3 examples/driver_examples.o
 .debug_macro   0x00000000000239bb       0x70 examples/driver_examples.o
 .debug_macro   0x0000000000023a2b      0x6c2 driver_init.o
 .debug_macro   0x00000000000240ed      0x850 hpl/sercom/hpl_sercom.o
 .debug_macro   0x000000000002493d       0x70 hpl/sercom/hpl_sercom.o
 .debug_macro   0x00000000000249ad       0xe4 hpl/sercom/hpl_sercom.o
 .debug_macro   0x0000000000024a91       0x10 hpl/sercom/hpl_sercom.o
 .debug_macro   0x0000000000024aa1       0x1c hpl/sercom/hpl_sercom.o
 .debug_macro   0x0000000000024abd       0x22 hpl/sercom/hpl_sercom.o
 .debug_macro   0x0000000000024adf       0x10 hpl/sercom/hpl_sercom.o
 .debug_macro   0x0000000000024aef      0x6b9 atmel_start.o
 .debug_macro   0x00000000000251a8      0x6c3 pins.o
 .debug_macro   0x000000000002586b       0x10 pins.o
 .debug_macro   0x000000000002587b      0x6ce main.o

.debug_line     0x0000000000000000     0x8c1a
 .debug_line    0x0000000000000000      0x93f hal/src/hal_io.o
 .debug_line    0x000000000000093f      0x5b1 gcc/system_samd51.o
 .debug_line    0x0000000000000ef0      0x8e9 hal/utils/src/utils_assert.o
 .debug_line    0x00000000000017d9      0xb39 hal/src/hal_usart_sync.o
 .debug_line    0x0000000000002312      0x9b1 hpl/ramecc/hpl_ramecc.o
 .debug_line    0x0000000000002cc3      0x5ea gcc/gcc/startup_samd51.o
 .debug_line    0x00000000000032ad      0xa15 examples/driver_examples.o
 .debug_line    0x0000000000003cc2      0xab3 driver_init.o
 .debug_line    0x0000000000004775     0x2653 hpl/sercom/hpl_sercom.o
 .debug_line    0x0000000000006dc8      0x9f1 atmel_start.o
 .debug_line    0x00000000000077b9      0x9f8 pins.o
 .debug_line    0x00000000000081b1      0xa69 main.o

.debug_str      0x0000000000000000    0xe134a
 .debug_str     0x0000000000000000    0xd94a4 hal/src/hal_io.o
                                      0xd997e (size before relaxing)
 .debug_str     0x00000000000d94a4       0x52 gcc/system_samd51.o
                                      0xd8533 (size before relaxing)
 .debug_str     0x00000000000d94f6       0x2f hal/utils/src/utils_assert.o
                                      0xd98f3 (size before relaxing)
 .debug_str     0x00000000000d9525      0x9ad hal/src/hal_usart_sync.o
                                      0xda41e (size before relaxing)
 .debug_str     0x00000000000d9ed2      0x9bf hpl/ramecc/hpl_ramecc.o
                                      0xda78c (size before relaxing)
 .debug_str     0x00000000000da891      0xb82 gcc/gcc/startup_samd51.o
                                      0xd90a7 (size before relaxing)
 .debug_str     0x00000000000db413      0x364 examples/driver_examples.o
                                      0xda1e3 (size before relaxing)
 .debug_str     0x00000000000db777     0x1175 driver_init.o
                                      0xdb3a4 (size before relaxing)
 .debug_str     0x00000000000dc8ec     0x49cb hpl/sercom/hpl_sercom.o
                                      0xdfd7e (size before relaxing)
 .debug_str     0x00000000000e12b7       0x3a atmel_start.o
                                      0xd9d0c (size before relaxing)
 .debug_str     0x00000000000e12f1       0x25 pins.o
                                      0xd9ef3 (size before relaxing)
 .debug_str     0x00000000000e1316       0x34 main.o
                                      0xd9f6a (size before relaxing)

.debug_frame    0x0000000000000000     0x1404
 .debug_frame   0x0000000000000000       0x68 hal/src/hal_io.o
 .debug_frame   0x0000000000000068       0x30 gcc/system_samd51.o
 .debug_frame   0x0000000000000098       0x20 hal/utils/src/utils_assert.o
 .debug_frame   0x00000000000000b8      0x1f8 hal/src/hal_usart_sync.o
 .debug_frame   0x00000000000002b0       0x4c hpl/ramecc/hpl_ramecc.o
 .debug_frame   0x00000000000002fc       0x38 gcc/gcc/startup_samd51.o
 .debug_frame   0x0000000000000334       0x2c examples/driver_examples.o
 .debug_frame   0x0000000000000360       0x5c driver_init.o
 .debug_frame   0x00000000000003bc      0xf60 hpl/sercom/hpl_sercom.o
 .debug_frame   0x000000000000131c       0x20 atmel_start.o
 .debug_frame   0x000000000000133c       0x20 pins.o
 .debug_frame   0x000000000000135c       0x7c main.o
 .debug_frame   0x00000000000013d8       0x2c /home/chris/dev/bin/../lib/gcc/arm-none-eabi/7.3.1/../../../../arm-none-eabi/lib/thumb/v7e-m/libc_nano.a(lib_a-init.o)
